---
source: crates/wyrd/wyrd-server/tests/authz_check_e2e.rs
expression: redact_volatile(&body_json(resp).await)
---
{
  "code": "WYRD_AUTHZ_403_POLICY_DENIED",
  "detail": "policy denied invoke",
  "details": {
    "reason": "policy_x"
  },
  "remediation": "Inspect the policy denial reason and update the calling service, target service, or policy configuration before retrying.",
  "status": 403,
  "title": "Policy denied request",
  "type": "https://wyrd.dev/problems/WYRD_AUTHZ_403_POLICY_DENIED"
}
